(node:59757) ExperimentalWarning: VM Modules is an experimental feature and might change at any time
(Use `node --trace-warnings ...` to show where the warning was created)
FAIL src/app/inventario/components/inventario-form/inventario-form.spec.ts
  InventarioFormComponent
    ✓ should create (48 ms)
    ✓ should disable purchasePrice and wastePercent for ELABORADO (11 ms)
    ✓ should enable purchasePrice and wastePercent for INSUMO (8 ms)
    ✓ should add a component when addComponent is called (9 ms)
    ✓ should remove a component (8 ms)
    ✓ should call create on submit when mode is add (8 ms)
    ✓ should call update on submit when mode is edit (7 ms)
    ✓ should show error when submit fails (7 ms)
    ✓ should populate form when product input changes (7 ms)
    ✓ should cap wastePercent at 100 (7 ms)
    ✓ should reset form when mode changes to add (6 ms)
    ✓ should calculate total cost when allProducts change (5 ms)
    ✓ should detect duplicate insumos (6 ms)
    ✓ should detect when quantity exceeds available stock (6 ms)
    ✓ should show error if adding an existing insumo (6 ms)
    ✓ should show error if adding insumo with zero stock (5 ms)
    ✓ should filter insumos correctly (5 ms)
    ✓ should return empty string for non-existent insumo name (6 ms)
    ✓ should return default unit if insumo not found (4 ms)
    ✓ should mark form as touched if invalid on submit (5 ms)
    ✓ should handle composition saving on submit (5 ms)
    ✕ should use newUnitName if unit is NEW_UNIT (5 ms)
    ✓ should emit close on onCancel (4 ms)

  ● InventarioFormComponent › should use newUnitName if unit is NEW_UNIT

    TypeError: Cannot read properties of undefined (reading '0')

      308 |     component.onSubmit();
      309 |     // Reviso el payload enviado a create
    > 310 |     const call = (mockInventoryService.create as jest.Mock).mock.calls[0][0];
          |                                                                          ^
      311 |     expect(call.unidadMedida).toBe('Metros');
      312 |   });
      313 |

      at Object.<anonymous> (src/app/inventario/components/inventario-form/inventario-form.spec.ts:310:74)

Test Suites: 1 failed, 1 total
Tests:       1 failed, 22 passed, 23 total
Snapshots:   0 total
Time:        1.534 s
Ran all test suites matching src/app/inventario/components/inventario-form/inventario-form.spec.ts.
